2023/02/18 23:39:57 Init app 0.0.0
2023/02/18 23:40:43 Init app 0.0.0
2023/02/18 23:40:57 Init app 0.0.1
2023/02/18 23:44:13 Init app 0.0.1
2023/02/18 23:57:26 Init app 0.0.1
2023/02/19 00:04:55 Init app 0.0.1
2023/02/19 00:04:55 Running app in port :0
2023/02/19 00:05:22 Init app 0.0.1
2023/02/19 00:05:22 Running app in port :0
2023/02/19 00:06:36 Init app 0.0.1
2023/02/19 00:13:41 Init app 0.0.1
2023/02/19 00:13:55 Init app 0.0.1
2023/02/19 00:14:14 Init app 0.0.1
2023/02/19 00:19:48 Init app 0.0.1
2023/02/19 00:20:10 Init app 0.0.1
2023/02/19 00:20:56 Init app 0.0.1
2023/02/19 00:24:09 Init app 0.0.1
2023/02/19 00:24:17 Init app 0.0.1
2023/02/19 00:24:22 Init app 0.0.1
2023/02/19 00:24:27 Init app 0.0.1
2023/02/19 00:24:48 Init app 0.0.1
2023/02/19 00:27:10 Init app 0.0.1
2023/02/19 00:27:28 Init app 0.0.1
2023/02/19 00:27:43 Init app 0.0.1
2023/02/19 00:28:00 Init app 0.0.1
2023/02/19 00:29:03 Init app 0.0.1
2023/02/19 00:29:14 Init app 0.0.1
2023/02/19 00:39:42 Init app 0.0.1
2023/02/19 00:47:39 Init app 0.0.1
2023/02/19 00:48:35 Init app 0.0.1
2023/02/19 00:48:48 Init app 0.0.1
2023/02/19 00:49:29 Init app 0.0.1
2023/02/19 00:49:41 Init app 0.0.1
2023/02/19 00:50:36 Init app 0.0.1
2023/02/19 00:50:36 Init app 0.0.1
2023/02/19 00:50:36 Init app 0.0.1
2023/02/19 00:51:58 Init app 0.0.1
2023/02/19 00:51:58 Running app in port :8870
2023/02/19 00:59:05 Init app 0.0.1
2023/02/19 00:59:05 Init app 0.0.1
2023/02/19 00:59:05 Init app 0.0.1
2023/02/19 01:00:31 Init app 0.0.1
2023/02/19 01:00:31 Running app in port :8870
2023/02/19 02:16:34 Init app 0.0.1
2023/02/19 02:16:34 Running app in port :8870
2023/02/19 02:16:56 Init app 0.0.1
2023/02/19 02:16:56 Running app in port :8870
2023/02/19 02:17:12 Init app 0.0.1
2023/02/19 02:17:12 Running app in port :8870
2023/02/19 02:17:22 Init app 0.0.1
2023/02/19 02:17:54 Init app 0.0.1
2023/02/19 02:18:48 Init app 0.0.1
2023/02/19 02:19:20 Init app 0.0.1
2023/02/19 02:19:28 Init app 0.0.1
2023/02/19 02:26:29 Init app 0.0.1
2023/02/19 02:31:33 Init app 0.0.1
2023/02/19 02:32:54 Init app 0.0.1
2023/02/19 02:33:06 Init app 0.0.1
2023/02/19 02:35:39 Init app 0.0.1
2023/02/19 02:37:09 Init app 0.0.1
2023/02/19 02:40:50 Init app 0.0.1
2023/02/19 02:44:05 Init app 0.0.1
2023/02/19 02:47:06 Init app 0.0.1
2023/02/19 02:47:12 Init app 0.0.1
2023/02/19 02:49:45 Init app 0.0.1
2023/02/19 02:49:45 Running app in port :8870
2023/02/19 02:50:05 Init app 0.0.1
2023/02/19 02:50:19 Init app 0.0.1
2023/02/19 02:50:36 Init app 0.0.1
2023/02/19 02:50:44 Init app 0.0.1
2023/02/19 02:50:53 Init app 0.0.1
2023/02/19 02:50:59 Init app 0.0.1
2023/02/19 02:51:08 Init app 0.0.1
2023/02/19 02:55:32 Init app 0.0.1
2023/02/19 02:55:43 Init app 0.0.1
2023/02/19 02:55:48 Init app 0.0.1
2023/02/19 02:56:14 Init app 0.0.1
2023/02/19 02:56:33 Init app 0.0.1
2023/02/19 02:56:33 Init app 0.0.1
2023/02/19 02:56:33 Init app 0.0.1
2023/02/19 17:35:55 Init app 0.0.1
2023/02/19 17:35:59 Init app 0.0.1
2023/02/19 17:35:59 Init app 0.0.1
2023/02/19 17:35:59 Init app 0.0.1
2023/02/20 22:07:16 Init app 0.0.1
2023/02/20 22:10:13 Init app 0.0.1
2023/02/20 22:11:43 Init app 0.0.1
2023/02/20 22:14:01 Init app 0.0.1
2023/02/20 22:14:13 Init app 0.0.1
2023/02/20 22:15:00 Init app 0.0.1
2023/02/20 22:16:31 Init app 0.0.1
2023/02/20 22:16:53 Init app 0.0.1
2023/02/20 22:17:10 Init app 0.0.1
2023/02/20 22:17:50 Init app 0.0.1
2023/02/20 22:18:24 Init app 0.0.1
2023/02/20 22:19:48 Init app 0.0.1
2023/02/20 22:20:08 Init app 0.0.1
2023/02/20 22:20:28 Init app 0.0.1
2023/02/20 22:21:34 Init app 0.0.1
2023/02/20 22:21:45 Init app 0.0.1
2023/02/20 22:21:54 Init app 0.0.1
2023/02/20 22:23:23 Init app 0.0.1
2023/02/20 22:23:30 Init app 0.0.1
2023/02/20 22:23:35 Init app 0.0.1
2023/02/20 22:24:00 Init app 0.0.1
2023/02/20 22:26:45 Init app 0.0.1
2023/02/20 22:27:11 Init app 0.0.1
2023/02/20 22:27:11 Init app 0.0.1
2023/02/20 22:28:56 Init app 0.0.1
2023/02/20 22:31:01 Init app 0.0.1
2023/02/20 22:31:08 Init app 0.0.1
2023/02/20 22:31:20 Init app 0.0.1
2023/02/20 22:31:31 Init app 0.0.1
2023/02/20 22:32:08 Init app 0.0.1
2023/02/20 22:32:08 Init app 0.0.1
2023/02/20 22:37:19 Init app 0.0.1
2023/02/20 22:37:19 Init app 0.0.1
